###############################################################################
#
# IAR ELF Linker V8.20.1.14183/W32 for ARM                22/Dec/2017  09:07:39
# Copyright 2007-2017 IAR Systems AB.
#
#    Output file  =  
#        D:\01-ARGE\02-Software\01-ST32_Progs\05-USART-TEST-HC05\Debug\Exe\05-USART-TEST-HC05.out
#    Map file     =  
#        D:\01-ARGE\02-Software\01-ST32_Progs\05-USART-TEST-HC05\Debug\List\05-USART-TEST-HC05.map
#    Command line =  
#        -f C:\Users\ARGE14\AppData\Local\Temp\EW6CA0.tmp
#        (D:\01-ARGE\02-Software\01-ST32_Progs\05-USART-TEST-HC05\Debug\Obj\core_cm3.o
#        D:\01-ARGE\02-Software\01-ST32_Progs\05-USART-TEST-HC05\Debug\Obj\main.o
#        D:\01-ARGE\02-Software\01-ST32_Progs\05-USART-TEST-HC05\Debug\Obj\misc.o
#        D:\01-ARGE\02-Software\01-ST32_Progs\05-USART-TEST-HC05\Debug\Obj\startup_stm32f10x_md.o
#        D:\01-ARGE\02-Software\01-ST32_Progs\05-USART-TEST-HC05\Debug\Obj\stm32f10x_adc.o
#        D:\01-ARGE\02-Software\01-ST32_Progs\05-USART-TEST-HC05\Debug\Obj\stm32f10x_bkp.o
#        D:\01-ARGE\02-Software\01-ST32_Progs\05-USART-TEST-HC05\Debug\Obj\stm32f10x_can.o
#        D:\01-ARGE\02-Software\01-ST32_Progs\05-USART-TEST-HC05\Debug\Obj\stm32f10x_cec.o
#        D:\01-ARGE\02-Software\01-ST32_Progs\05-USART-TEST-HC05\Debug\Obj\stm32f10x_crc.o
#        D:\01-ARGE\02-Software\01-ST32_Progs\05-USART-TEST-HC05\Debug\Obj\stm32f10x_dac.o
#        D:\01-ARGE\02-Software\01-ST32_Progs\05-USART-TEST-HC05\Debug\Obj\stm32f10x_dbgmcu.o
#        D:\01-ARGE\02-Software\01-ST32_Progs\05-USART-TEST-HC05\Debug\Obj\stm32f10x_dma.o
#        D:\01-ARGE\02-Software\01-ST32_Progs\05-USART-TEST-HC05\Debug\Obj\stm32f10x_exti.o
#        D:\01-ARGE\02-Software\01-ST32_Progs\05-USART-TEST-HC05\Debug\Obj\stm32f10x_flash.o
#        D:\01-ARGE\02-Software\01-ST32_Progs\05-USART-TEST-HC05\Debug\Obj\stm32f10x_fsmc.o
#        D:\01-ARGE\02-Software\01-ST32_Progs\05-USART-TEST-HC05\Debug\Obj\stm32f10x_gpio.o
#        D:\01-ARGE\02-Software\01-ST32_Progs\05-USART-TEST-HC05\Debug\Obj\stm32f10x_i2c.o
#        D:\01-ARGE\02-Software\01-ST32_Progs\05-USART-TEST-HC05\Debug\Obj\stm32f10x_iwdg.o
#        D:\01-ARGE\02-Software\01-ST32_Progs\05-USART-TEST-HC05\Debug\Obj\stm32f10x_pwr.o
#        D:\01-ARGE\02-Software\01-ST32_Progs\05-USART-TEST-HC05\Debug\Obj\stm32f10x_rcc.o
#        D:\01-ARGE\02-Software\01-ST32_Progs\05-USART-TEST-HC05\Debug\Obj\stm32f10x_rtc.o
#        D:\01-ARGE\02-Software\01-ST32_Progs\05-USART-TEST-HC05\Debug\Obj\stm32f10x_sdio.o
#        D:\01-ARGE\02-Software\01-ST32_Progs\05-USART-TEST-HC05\Debug\Obj\stm32f10x_spi.o
#        D:\01-ARGE\02-Software\01-ST32_Progs\05-USART-TEST-HC05\Debug\Obj\stm32f10x_tim.o
#        D:\01-ARGE\02-Software\01-ST32_Progs\05-USART-TEST-HC05\Debug\Obj\stm32f10x_usart.o
#        D:\01-ARGE\02-Software\01-ST32_Progs\05-USART-TEST-HC05\Debug\Obj\stm32f10x_wwdg.o
#        D:\01-ARGE\02-Software\01-ST32_Progs\05-USART-TEST-HC05\Debug\Obj\system_stm32f10x.o
#        -o
#        D:\01-ARGE\02-Software\01-ST32_Progs\05-USART-TEST-HC05\Debug\Exe\05-USART-TEST-HC05.out
#        --redirect _Printf=_PrintfFullNoMb --redirect _Scanf=_ScanfFullNoMb
#        --map
#        D:\01-ARGE\02-Software\01-ST32_Progs\05-USART-TEST-HC05\Debug\List\05-USART-TEST-HC05.map
#        --config "C:\Program Files (x86)\IAR Systems\Embedded Workbench
#        8.0\arm\config\linker\ST\stm32f103xB.icf" --semihosting --entry
#        __iar_program_start --vfe --text_out locale)
#
###############################################################################

*******************************************************************************
*** RUNTIME MODEL ATTRIBUTES
***

CppFlavor       = *
__SystemLibrary = DLib
__dlib_version  = 6


*******************************************************************************
*** HEAP SELECTION
***

The basic heap was selected because no calls to memory allocation
functions were found in the application outside of system library
functions, and there are calls to deallocation functions in the
application.


*******************************************************************************
*** PLACEMENT SUMMARY
***

"A0":  place at 0x08000000 { ro section .intvec };
"P1":  place in [from 0x08000000 to 0x0801ffff] { ro };
define block CSTACK with size = 2K, alignment = 8 { };
define block HEAP with size = 2K, alignment = 8 { };
"P2":  place in [from 0x20000000 to 0x20004fff] {
          rw, block CSTACK, block HEAP };
initialize by copy { rw };

  Section            Kind        Address   Size  Object
  -------            ----        -------   ----  ------
"A0":                                      0xec
  .intvec            ro code  0x08000000   0xec  startup_stm32f10x_md.o [1]
                            - 0x080000ec   0xec

"P1":                                     0x7ed
  .text              ro code  0x080000ec  0x198  stm32f10x_usart.o [1]
  .text              ro code  0x08000284   0xf4  stm32f10x_rcc.o [1]
  .text              ro code  0x08000378  0x158  system_stm32f10x.o [1]
  .text              ro code  0x080004d0  0x120  main.o [1]
  .text              ro code  0x080005f0   0xc4  stm32f10x_gpio.o [1]
  .text              ro code  0x080006b4   0x70  misc.o [1]
  .text              ro code  0x08000724   0x38  packbits_init_single.o [4]
  .text              ro code  0x0800075c   0x28  data_init.o [4]
  .iar.init_table    const    0x08000784   0x10  - Linker created -
  .text              ro code  0x08000794   0x1e  cmain.o [4]
  .text              ro code  0x080007b2    0x4  low_level_init.o [3]
  .text              ro code  0x080007b6    0x4  exit.o [3]
  .text              ro code  0x080007bc    0xa  cexit.o [4]
  .text              ro code  0x080007c8   0x14  exit.o [5]
  .text              ro code  0x080007dc   0x10  startup_stm32f10x_md.o [1]
  .text              ro code  0x080007ec    0xc  cstartup_M.o [4]
  .text              ro code  0x080007f8    0x4  startup_stm32f10x_md.o [1]
  .text              ro code  0x080007fc    0x4  startup_stm32f10x_md.o [1]
  .text              ro code  0x08000800    0x4  startup_stm32f10x_md.o [1]
  .text              ro code  0x08000804    0x4  startup_stm32f10x_md.o [1]
  .text              ro code  0x08000808    0x4  startup_stm32f10x_md.o [1]
  .text              ro code  0x0800080c    0x4  startup_stm32f10x_md.o [1]
  .text              ro code  0x08000810    0x4  startup_stm32f10x_md.o [1]
  .text              ro code  0x08000814    0x4  startup_stm32f10x_md.o [1]
  .text              ro code  0x08000818    0x4  startup_stm32f10x_md.o [1]
  .text              ro code  0x0800081c    0x4  startup_stm32f10x_md.o [1]
  .text              ro code  0x08000820    0x4  startup_stm32f10x_md.o [1]
  .text              ro code  0x08000824    0x4  startup_stm32f10x_md.o [1]
  .text              ro code  0x08000828    0x4  startup_stm32f10x_md.o [1]
  .text              ro code  0x0800082c    0x4  startup_stm32f10x_md.o [1]
  .text              ro code  0x08000830    0x4  startup_stm32f10x_md.o [1]
  .text              ro code  0x08000834    0x4  startup_stm32f10x_md.o [1]
  .text              ro code  0x08000838    0x4  startup_stm32f10x_md.o [1]
  .text              ro code  0x0800083c    0x4  startup_stm32f10x_md.o [1]
  .text              ro code  0x08000840    0x4  startup_stm32f10x_md.o [1]
  .text              ro code  0x08000844    0x4  startup_stm32f10x_md.o [1]
  .text              ro code  0x08000848    0x4  startup_stm32f10x_md.o [1]
  .text              ro code  0x0800084c    0x4  startup_stm32f10x_md.o [1]
  .text              ro code  0x08000850    0x4  startup_stm32f10x_md.o [1]
  .text              ro code  0x08000854    0x4  startup_stm32f10x_md.o [1]
  .text              ro code  0x08000858    0x4  startup_stm32f10x_md.o [1]
  .text              ro code  0x0800085c    0x4  startup_stm32f10x_md.o [1]
  .text              ro code  0x08000860    0x4  startup_stm32f10x_md.o [1]
  .text              ro code  0x08000864    0x4  startup_stm32f10x_md.o [1]
  .text              ro code  0x08000868    0x4  startup_stm32f10x_md.o [1]
  .text              ro code  0x0800086c    0x4  startup_stm32f10x_md.o [1]
  .text              ro code  0x08000870    0x4  startup_stm32f10x_md.o [1]
  .text              ro code  0x08000874    0x4  startup_stm32f10x_md.o [1]
  .text              ro code  0x08000878    0x4  startup_stm32f10x_md.o [1]
  .text              ro code  0x0800087c    0x4  startup_stm32f10x_md.o [1]
  .text              ro code  0x08000880    0x4  startup_stm32f10x_md.o [1]
  .text              ro code  0x08000884    0x4  startup_stm32f10x_md.o [1]
  .text              ro code  0x08000888    0x4  startup_stm32f10x_md.o [1]
  .text              ro code  0x0800088c    0x4  startup_stm32f10x_md.o [1]
  .text              ro code  0x08000890    0x4  startup_stm32f10x_md.o [1]
  .text              ro code  0x08000894    0x4  startup_stm32f10x_md.o [1]
  .text              ro code  0x08000898    0x4  startup_stm32f10x_md.o [1]
  .text              ro code  0x0800089c    0x4  startup_stm32f10x_md.o [1]
  .text              ro code  0x080008a0    0x4  startup_stm32f10x_md.o [1]
  .text              ro code  0x080008a4    0x4  startup_stm32f10x_md.o [1]
  .text              ro code  0x080008a8    0x4  startup_stm32f10x_md.o [1]
  .text              ro code  0x080008ac    0x4  startup_stm32f10x_md.o [1]
  .text              ro code  0x080008b0    0x4  startup_stm32f10x_md.o [1]
  .text              ro code  0x080008b4    0x4  startup_stm32f10x_md.o [1]
  .text              ro code  0x080008b8    0x4  startup_stm32f10x_md.o [1]
  .text              ro code  0x080008bc    0x4  startup_stm32f10x_md.o [1]
  .text              ro code  0x080008c0    0x4  startup_stm32f10x_md.o [1]
  .rodata            const    0x080008c4    0x0  packbits_init_single.o [4]
  Initializer bytes  const    0x080008c4   0x15  <for P2-1>
                            - 0x080008d9  0x7ed

"P2", part 1 of 2:                         0x32
  P2-1                        0x20000000   0x32  <Init block>
    .data            inited   0x20000000   0x10  stm32f10x_rcc.o [1]
    .data            inited   0x20000010    0x4  stm32f10x_rcc.o [1]
    .bss             inited   0x20000014   0x10  main.o [1]
    .bss             inited   0x20000024    0x4  main.o [1]
    .bss             inited   0x20000028    0x4  main.o [1]
    .bss             inited   0x2000002c    0x4  main.o [1]
    .bss             inited   0x20000030    0x1  main.o [1]
    .bss             inited   0x20000031    0x1  main.o [1]
                            - 0x20000032   0x32

"P2", part 2 of 2:                        0x800
  CSTACK                      0x20000038  0x800  <Block>
    CSTACK           uninit   0x20000038  0x800  <Block tail>
                            - 0x20000838  0x800


*******************************************************************************
*** INIT TABLE
***

          Address     Size
          -------     ----
Copy/packbits (__iar_packbits_init_single3)
    1 source range, total size 0x15 (42% of destination):
          0x080008c4  0x15
    1 destination range, total size 0x32:
          0x20000000  0x32



*******************************************************************************
*** MODULE SUMMARY
***

    Module                  ro code  ro data  rw data
    ------                  -------  -------  -------
D:\01-ARGE\02-Software\01-ST32_Progs\05-USART-TEST-HC05\Debug\Obj: [1]
    main.o                      288       13       30
    misc.o                      112
    startup_stm32f10x_md.o      456
    stm32f10x_gpio.o            196
    stm32f10x_rcc.o             244        8       20
    stm32f10x_usart.o           408
    system_stm32f10x.o          344
    -------------------------------------------------
    Total:                    2 048       21       50

command line: [2]
    -------------------------------------------------
    Total:

dl7M_tln.a: [3]
    exit.o                        4
    low_level_init.o              4
    -------------------------------------------------
    Total:                        8

rt7M_tl.a: [4]
    cexit.o                      10
    cmain.o                      30
    cstartup_M.o                 12
    data_init.o                  40
    packbits_init_single.o       56
    -------------------------------------------------
    Total:                      148

shb_l.a: [5]
    exit.o                       20
    -------------------------------------------------
    Total:                       20

    Gaps                          4
    Linker created                        16    2 048
-----------------------------------------------------
    Grand Total:              2 228       37    2 098


*******************************************************************************
*** ENTRY LIST
***

Entry                      Address  Size  Type      Object
-----                      -------  ----  ----      ------
.iar.init_table$$Base   0x08000784         --   Gb  - Linker created -
.iar.init_table$$Limit  0x08000794         --   Gb  - Linker created -
?main                   0x08000795        Code  Gb  cmain.o [4]
ADCPrescTable           0x20000010   0x4  Data  Lc  stm32f10x_rcc.o [1]
APBAHBPrescTable        0x20000000  0x10  Data  Lc  stm32f10x_rcc.o [1]
CSTACK$$Base            0x20000038         --   Gb  - Linker created -
CSTACK$$Limit           0x20000838         --   Gb  - Linker created -
GPIO_Configuration      0x08000539  0x36  Code  Gb  main.o [1]
GPIO_Init               0x080005f1  0xc4  Code  Gb  stm32f10x_gpio.o [1]
GPIO_InitStructure      0x20000024   0x4  Data  Gb  main.o [1]
NVIC_Configuration      0x0800056f  0x22  Code  Gb  main.o [1]
NVIC_Init               0x080006b5  0x60  Code  Gb  misc.o [1]
NVIC_InitStructure      0x20000028   0x4  Data  Gb  main.o [1]
RCC_APB2PeriphClockCmd  0x0800033f  0x20  Code  Gb  stm32f10x_rcc.o [1]
RCC_Configuration       0x08000523  0x16  Code  Gb  main.o [1]
RCC_GetClocksFreq       0x08000285  0xba  Code  Gb  stm32f10x_rcc.o [1]
Region$$Table$$Base     0x08000784         --   Gb  - Linker created -
Region$$Table$$Limit    0x08000794         --   Gb  - Linker created -
RxBuffer1               0x2000002c   0x4  Data  Gb  main.o [1]
RxCounter1              0x20000030   0x1  Data  Gb  main.o [1]
SetSysClock             0x080003cd   0x8  Code  Lc  system_stm32f10x.o [1]
SetSysClockTo72         0x080003d5  0xe0  Code  Lc  system_stm32f10x.o [1]
SystemInit              0x08000379  0x54  Code  Gb  system_stm32f10x.o [1]
USART1_IRQHandler       0x08000591  0x3e  Code  Gb  main.o [1]
USART_Cmd               0x080001ad  0x1c  Code  Gb  stm32f10x_usart.o [1]
USART_GetITStatus       0x08000223  0x62  Code  Gb  stm32f10x_usart.o [1]
USART_ITConfig          0x080001c9  0x52  Code  Gb  stm32f10x_usart.o [1]
USART_Init              0x080000ed  0xba  Code  Gb  stm32f10x_usart.o [1]
USART_InitStructure     0x20000014  0x10  Data  Gb  main.o [1]
USART_ReceiveData       0x0800021b   0x8  Code  Gb  stm32f10x_usart.o [1]
__cmain                 0x08000795        Code  Gb  cmain.o [4]
__exit                  0x080007c9  0x14  Code  Gb  exit.o [5]
__iar_data_init3        0x0800075d  0x28  Code  Gb  data_init.o [4]
__iar_packbits_init_single3
                        0x08000725  0x38  Code  Gb  packbits_init_single.o [4]
__iar_program_start     0x080007ed        Code  Gb  cstartup_M.o [4]
__iar_systems$$module {Abs}
                        0x00000001        Data  Gb  command line/config [2]
__low_level_init        0x080007b3   0x4  Code  Gb  low_level_init.o [3]
__vector_table          0x08000000        Data  Gb  startup_stm32f10x_md.o [1]
_call_main              0x080007a1        Code  Gb  cmain.o [4]
_exit                   0x080007bd        Code  Gb  cexit.o [4]
_main                   0x080007af        Code  Gb  cmain.o [4]
exit                    0x080007b7   0x4  Code  Gb  exit.o [3]
fff                     0x20000031   0x1  Data  Gb  main.o [1]
main                    0x080004d1  0x52  Code  Gb  main.o [1]


[1] = D:\01-ARGE\02-Software\01-ST32_Progs\05-USART-TEST-HC05\Debug\Obj
[2] = command line
[3] = dl7M_tln.a
[4] = rt7M_tl.a
[5] = shb_l.a

  2 228 bytes of readonly  code memory
     37 bytes of readonly  data memory
  2 098 bytes of readwrite data memory

Errors: none
Warnings: none
